Flutter crash report.
Please report a bug at https://github.com/flutter/flutter/issues.

## command

flutter test

## exception

ShaderCompilerException: ShaderCompilerException: Shader compilation of "C:\Users\김세윤1\flutter\packages\flutter\lib\src\material\shaders\ink_sparkle.frag" to "build\unit_test_assets\shaders/ink_sparkle.frag" failed with exit code -1073741819.
impellerc stdout:

impellerc stderr:




```
#0      ShaderCompiler.compileShader (package:flutter_tools/src/build_system/tools/shader_compiler.dart:196:9)
<asynchronous suspension>
#1      writeBundle.<anonymous closure> (package:flutter_tools/src/bundle_builder.dart:208:25)
<asynchronous suspension>
#2      Future.wait.<anonymous closure> (dart:async/future.dart:546:21)
<asynchronous suspension>
#3      writeBundle (package:flutter_tools/src/bundle_builder.dart:171:3)
<asynchronous suspension>
#4      TestCommand._buildTestAsset (package:flutter_tools/src/commands/test.dart:791:7)
<asynchronous suspension>
#5      TestCommand.runCommand (package:flutter_tools/src/commands/test.dart:487:7)
<asynchronous suspension>
#6      FlutterCommand.run.<anonymous closure> (package:flutter_tools/src/runner/flutter_command.dart:1590:27)
<asynchronous suspension>
#7      AppContext.run.<anonymous closure> (package:flutter_tools/src/base/context.dart:154:19)
<asynchronous suspension>
#8      CommandRunner.runCommand (package:args/command_runner.dart:212:13)
<asynchronous suspension>
#9      FlutterCommandRunner.runCommand.<anonymous closure> (package:flutter_tools/src/runner/flutter_command_runner.dart:496:9)
<asynchronous suspension>
#10     AppContext.run.<anonymous closure> (package:flutter_tools/src/base/context.dart:154:19)
<asynchronous suspension>
#11     FlutterCommandRunner.runCommand (package:flutter_tools/src/runner/flutter_command_runner.dart:431:5)
<asynchronous suspension>
#12     FlutterCommandRunner.run.<anonymous closure> (package:flutter_tools/src/runner/flutter_command_runner.dart:307:33)
<asynchronous suspension>
#13     run.<anonymous closure>.<anonymous closure> (package:flutter_tools/runner.dart:104:11)
<asynchronous suspension>
#14     AppContext.run.<anonymous closure> (package:flutter_tools/src/base/context.dart:154:19)
<asynchronous suspension>
#15     main (package:flutter_tools/executable.dart:103:3)
<asynchronous suspension>
```

## flutter doctor

```
[!] Flutter (Channel stable, 3.41.6, on Microsoft Windows [Version 10.0.26200.8037], locale ko-KR) [621ms]
    • Flutter version 3.41.6 on channel stable at C:\Users\김세윤1\flutter
    ! The flutter binary is not on your path. Consider adding C:\Users\김세윤1\flutter\bin to your path.
    ! The dart binary is not on your path. Consider adding C:\Users\김세윤1\flutter\bin to your path.
    • Upstream repository https://github.com/flutter/flutter.git
    • Framework revision db50e20168 (5 days ago), 2026-03-25 16:21:00 -0700
    • Engine revision 425cfb54d0
    • Dart version 3.11.4
    • DevTools version 2.54.2
    • Feature flags: enable-web, enable-linux-desktop, enable-macos-desktop, enable-windows-desktop, enable-android, enable-ios, cli-animations, enable-native-assets, omit-legacy-version-file, enable-lldb-debugging, enable-uiscene-migration
    • If those were intentional, you can disregard the above warnings; however it is recommended to use "git" directly to perform update checks and upgrades.

[✓] Windows Version (11 Home 64-bit, 25H2, 2009) [1,373ms]

[✗] Android toolchain - develop for Android devices [249ms]
    ✗ Unable to locate Android SDK.
      Install Android Studio from: https://developer.android.com/studio/index.html
      On first launch it will assist you in installing the Android SDK components.
      (or visit https://flutter.dev/to/windows-android-setup for detailed instructions).
      If the Android SDK has been installed to a custom location, please use
      `flutter config --android-sdk` to update to that location.


[✓] Chrome - develop for the web [227ms]
    • Chrome at C:\Program Files\Google\Chrome\Application\chrome.exe

[✓] Visual Studio - develop Windows apps (Visual Studio Community 2026 18.4.2) [223ms]
    • Visual Studio at C:\Program Files\Microsoft Visual Studio\18\Community
    • Visual Studio Community 2026 version 18.4.11620.152
    • Windows 10 SDK version 10.0.26100.0

[✓] Connected device (3 available) [171ms]
    • Windows (desktop) • windows • windows-x64    • Microsoft Windows [Version 10.0.26200.8037]
    • Chrome (web)      • chrome  • web-javascript • Google Chrome 146.0.7680.165
    • Edge (web)        • edge    • web-javascript • Microsoft Edge 146.0.3856.84

[✓] Network resources [717ms]
    • All expected network resources are available.

! Doctor found issues in 2 categories.
```
